<%@ taglib prefix="c" uri="http://java.sun.com/jsp/jstl/core" %><html><head><title>Template</title><script defer="defer" src="<c:url value='bundle.js' />"></script><link href="<c:url value='bundle.css' />" rel="stylesheet"></head><body><p>Java Template Engine Webpack Plugin</p></body></html>