<html><head><title>Template</title><script defer="defer" src="${pageContext.request.contextPath}/bundle.js"></script><link href="${pageContext.request.contextPath}/bundle.css" rel="stylesheet"></head><body><p>Java Template Engine Webpack Plugin</p></body></html>