<html><head><title>Template</title><script defer="defer" th:src="@{bundle.js}"></script><link rel="stylesheet" th:href="@{bundle.css}"></head><body><p>Java Template Engine Webpack Plugin</p></body></html>